src/middleware/logger.middleware.ts(10,5): error TS1005: ',' expected.
src/middleware/logger.middleware.ts(10,6): error TS1128: Declaration or statement expected.
src/services/email.service.ts(43,49): error TS1005: '>' expected.
src/services/email.service.ts(43,57): error TS1005: ',' expected.
src/services/email.service.ts(43,68): error TS1109: Expression expected.
src/services/email.service.ts(43,69): error TS1109: Expression expected.
src/services/email.service.ts(65,55): error TS1005: '>' expected.
src/services/email.service.ts(65,63): error TS1005: ',' expected.
src/services/email.service.ts(65,78): error TS1109: Expression expected.
src/services/email.service.ts(65,79): error TS1109: Expression expected.
